Final submission handoff started at 周六 2026/08/15 23:43:03.36 
Working directory: E:\Projects\20260522-coastal-flood-scientific-data 
Command: scripts\run_final_submission_handoff.cmd  
 
Running submission-ready gate 
Writing submission-ready gate log to logs\submission_ready_gate_周六_2026-08-15_23-43-03-39.log
Submission-ready gate started at 周六 2026/08/15 23:43:03.39 
Working directory: E:\Projects\20260522-coastal-flood-scientific-data 
Command: scripts\run_submission_ready_gate.cmd  
 
Auditing submission-ready gate scripts 
Passed: True
 
Running core publication gate 
Publication Environment Diagnostics
===================================

Diagnostic-only log. This file does not prove publication readiness.
Publication readiness still requires scripts\run_publication_gate.cmd to finish with Passed: True.

Date: 周六 2026/08/15
Time: 23:43:04.18
Working directory: E:\Projects\20260522-coastal-flood-scientific-data

Python on PATH:
E:\Miniconda3\python.exe
Exit code: 0

Python version:
Python 3.13.12
Exit code: 0

pip version:
pip 26.0.1 from E:\Miniconda3\Lib\site-packages\pip (python 3.13)
Exit code: 0

Required files:
OK requirements-publication.txt
OK scripts\run_python_checked.cmd
OK scripts\install_publication_requirements.cmd
OK scripts\run_publication_gate.cmd
OK scripts\publication_gate.py
OK manuscript\process_terrain_coastal_flood_CEE_manuscript.md
OK manuscript\process_terrain_coastal_flood_CEE_manuscript_review.html

Suggested next commands:
scripts\install_publication_requirements.cmd
scripts\run_publication_gate.cmd
logs\publication_gate.txt
 
Building final figure/data review matrix template 
Passed: True
Artifact count: 79
 
Running final figure/data review matrix audit 
Passed: False
 
Running final figure/data issue register audit 
Passed: True
 
Running final figure/data sign-off audit 
Passed: True
 
Building submission-ready evidence bundle 
Passed: False
 
Auditing submission-ready evidence bundle 
Passed: False
 
Building combined submission-ready report 
Passed: False
 
Building submission-ready failure summary 
Passed: False
Blockers: 65
 
Submission-ready gate finished at 周六 2026/08/15 23:49:48.98 with exit code 1 
Submission-ready gate scripts audit exit code: 0 
Core publication gate exit code: 1 
Figure/data review matrix template exit code: 0 
Figure/data review matrix exit code: 1 
Figure/data issue register exit code: 0 
Figure/data sign-off exit code: 0 
Combined report exit code: 1 
Submission-ready evidence bundle exit code: 1 
Submission-ready evidence bundle audit exit code: 1 
Submission-ready failure summary exit code: 0 
 
Recording successful terminal run 
Skipping terminal-run record because submission-ready gate failed. 
 
Auditing terminal-run record 
Skipping terminal-run record audit because submission-ready gate failed. 
 
Building final submission handoff evidence bundle 
Skipping final handoff evidence bundle because submission-ready gate failed. 
 
Auditing final submission handoff evidence bundle 
Skipping final handoff evidence bundle audit because bundle generation failed or was skipped. 
 
Building final submission handoff report 
Passed: False
 
Final submission handoff finished at 周六 2026/08/15 23:49:54.53 with exit code 1 
Submission-ready gate exit code: 1 
Terminal-run record exit code: 1 
Terminal-run record audit exit code: 1 
Final submission handoff evidence bundle exit code: 1 
Final submission handoff evidence bundle audit exit code: 1 
Final submission handoff report exit code: 1 
